src/components/GraphWidget.tsx(1,8): error TS6133: 'React' is declared but its value is never read.
src/components/GraphWidget.tsx(61,20): error TS6133: 'e' is declared but its value is never read.
src/components/GraphWidget.tsx(121,53): error TS6133: 'entry' is declared but its value is never read.
src/components/GraphWidget.tsx(136,68): error TS18048: 'percent' is possibly 'undefined'.
src/components/GraphWidget.tsx(140,53): error TS6133: 'entry' is declared but its value is never read.
src/components/PollWidget.tsx(1,8): error TS6133: 'React' is declared but its value is never read.
src/components/PollWidget.tsx(66,20): error TS6133: 'e' is declared but its value is never read.
src/components/Whiteboard.tsx(1,39): error TS6133: 'useCallback' is declared but its value is never read.
src/components/Whiteboard.tsx(4,1): error TS6133: 'useImage' is declared but its value is never read.
src/components/Whiteboard.tsx(4,22): error TS2307: Cannot find module 'use-image' or its corresponding type declarations.
src/components/Whiteboard.tsx(7,33): error TS6133: 'Brush' is declared but its value is never read.
src/components/Whiteboard.tsx(8,3): error TS6133: 'Download' is declared but its value is never read.
src/components/Whiteboard.tsx(8,28): error TS6133: 'Star' is declared but its value is never read.
src/components/Whiteboard.tsx(10,22): error TS1484: 'PollData' is a type and must be imported using a type-only import when 'verbatimModuleSyntax' is enabled.
src/components/Whiteboard.tsx(11,23): error TS1484: 'GraphData' is a type and must be imported using a type-only import when 'verbatimModuleSyntax' is enabled.
src/components/Whiteboard.tsx(79,10): error TS6133: 'brushMode' is declared but its value is never read.
src/components/Whiteboard.tsx(79,21): error TS6133: 'setBrushMode' is declared but its value is never read.
src/components/Whiteboard.tsx(85,10): error TS6133: 'userCount' is declared but its value is never read.
src/components/Whiteboard.tsx(95,10): error TS6133: 'ccText' is declared but its value is never read.
src/components/Whiteboard.tsx(440,9): error TS6133: 'activeSpeaker' is declared but its value is never read.
src/components/Whiteboard.tsx(461,9): error TS6133: 'handleTransformEnd' is declared but its value is never read.
src/components/Whiteboard.tsx(461,31): error TS6133: 'e' is declared but its value is never read.
src/components/Whiteboard.tsx(461,39): error TS6133: 'id' is declared but its value is never read.
